
CPPTRAJ: Trajectory Analysis. V6.24.0 (AmberTools)
    ___  ___  ___  ___
     | \/ | \/ | \/ | 
    _|_/\_|_/\_|_/\_|_

| Date/time: 12/18/25 09:40:51
| Available memory: 728.924 MB

	Reading 'LIG.prmtop' as Amber Topology
	Radius Set: H(N)-modified Bondi radii (mbondi2)
INPUT: Reading input from 'STDIN'
  [trajin _GMXMMPBSA_mutant_ligand.mdcrd.0 1 1 1]
	Reading '_GMXMMPBSA_mutant_ligand.mdcrd.0' as Amber Trajectory
  [noprogress]
	Progress bar will not be used during Run.
  [outtraj _GMXMMPBSA_mutant_ligand.pdb pdb onlyframes 1 nobox]
	Saving frames 1
	Writing '_GMXMMPBSA_mutant_ligand.pdb' as PDB
    OUTTRAJ: Writing frames associated with topology 'LIG.prmtop'
  [outtraj _GMXMMPBSA_mutant_dummyligand.inpcrd restart onlyframes 1 nobox]
	Saving frames 1
	Writing '_GMXMMPBSA_mutant_dummyligand.inpcrd' as Amber Restart
    OUTTRAJ: Writing frames associated with topology 'LIG.prmtop'
---------- RUN BEGIN -------------------------------------------------

PARAMETER FILES (1 total):
 0: LIG.prmtop, 11 atoms, 1 res, box: None, 1 mol

INPUT TRAJECTORIES (1 total):
 0: '_GMXMMPBSA_mutant_ligand.mdcrd.0' is an AMBER trajectory, Parm LIG.prmtop (reading 1 of 10)
  Coordinate processing will occur on 1 frames.

BEGIN TRAJECTORY PROCESSING:
.....................................................
ACTION SETUP FOR PARM 'LIG.prmtop' (2 actions):
  0: [outtraj _GMXMMPBSA_mutant_ligand.pdb pdb onlyframes 1 nobox]
        '_GMXMMPBSA_mutant_ligand.pdb' is a PDB file, Parm LIG.prmtop no box info,: Writing frames 1
	Has coordinates
  1: [outtraj _GMXMMPBSA_mutant_dummyligand.inpcrd restart onlyframes 1 nobox]
        '_GMXMMPBSA_mutant_dummyligand.inpcrd' is an AMBER restart file, Parm LIG.prmtop no box info,: Writing frames 1
	Has coordinates
----- _GMXMMPBSA_mutant_ligand.mdcrd.0 (1-1, 1) -----

Read 1 frames and processed 1 frames.
TIME: Avg. throughput= 148.6768 frames / second.

ACTION OUTPUT:
    OUTTRAJ: '_GMXMMPBSA_mutant_ligand.pdb': Wrote 1 frames.
    OUTTRAJ: '_GMXMMPBSA_mutant_dummyligand.inpcrd': Wrote 1 frames.
TIME: Analyses took 0.0000 seconds.

RUN TIMING:
TIME:		Init               : 0.0009 s (  9.52%)
TIME:		Trajectory Process : 0.0067 s ( 73.93%)
TIME:		Action Post        : 0.0001 s (  1.58%)
TIME:		Analysis           : 0.0000 s (  0.30%)
TIME:		Data File Write    : 0.0001 s (  1.34%)
TIME:		Other              : 0.0012 s (  0.13%)
TIME:	Run Total 0.0091 s
---------- RUN END ---------------------------------------------------
TIME: Total execution time: 0.0778 seconds.
--------------------------------------------------------------------------------
To cite CPPTRAJ use:
Daniel R. Roe and Thomas E. Cheatham, III, "PTRAJ and CPPTRAJ: Software for
  Processing and Analysis of Molecular Dynamics Trajectory Data". J. Chem.
  Theory Comput., 2013, 9 (7), pp 3084-3095.

