            --------------------------------------------------------
                             AMBER SQM VERSION 19
 
                                     By
              Ross C. Walker, Michael F. Crowley, Scott Brozell,
                         Tim Giese, Andreas W. Goetz,
                        Tai-Sung Lee and David A. Case
 
            --------------------------------------------------------
 

--------------------------------------------------------------------------------
  QM CALCULATION INFO
--------------------------------------------------------------------------------

| QMMM: Citation for AMBER QMMM Run:
| QMMM: R.C. Walker, M.F. Crowley and D.A. Case, J. COMP. CHEM. 29:1019, 2008

QMMM: SINGLET STATE CALCULATION
QMMM: RHF CALCULATION, NO. OF DOUBLY OCCUPIED LEVELS = 10

| QMMM: *** Selected Hamiltonian *** 
| QMMM: AM1         

| QMMM: *** Parameter sets in use ***
| QMMM: C : M.J.S.DEWAR et al. JACS, 107, 3902, (1985)
| QMMM: H : M.J.S.DEWAR et al. JACS, 107, 3902, (1985)

| QMMM: *** SCF convergence criteria ***
| QMMM: Energy change                :  0.1D-09 kcal/mol
| QMMM: Error matrix |FP-PF|         :  0.1D+00 au
| QMMM: Density matrix change        :  0.5D-06
| QMMM: Maximum number of SCF cycles :     1000

| QMMM: *** Diagonalization Routine Information ***
| QMMM: Pseudo diagonalizations are allowed.
| QMMM: Auto diagonalization routine selection is in use.
| QMMM:
| QMMM: Timing diagonalization routines:
| QMMM:                              norbs =       20
| QMMM:    diag iterations used for timing =       20
| QMMM:
| QMMM:              Internal diag routine = 0.002562 seconds
| QMMM:                 Dspev diag routine = 0.003936 seconds
| QMMM:                Dspevd diag routine = 0.001011 seconds
| QMMM:                Dspevx diag routine = 0.003856 seconds
| QMMM:                 Dsyev diag routine = 0.001768 seconds
| QMMM:                Dsyevd diag routine = 0.002330 seconds
| QMMM:                Dsyevr diag routine = 0.010137 seconds
| QMMM:
| QMMM:                Pseudo diag routine = 0.000273 seconds
| QMMM:
| QMMM: Using dspevd routine (diag_routine=3).

  QMMM: QM Region Cartesian Coordinates (*=link atom) 
  QMMM: QM_NO.   MM_NO.  ATOM         X         Y         Z
  QMMM:     1        1      C       22.6370   29.1860    1.6090
  QMMM:     2        2      C       22.6270   29.8000    0.2190
  QMMM:     3        3      C       21.2880   29.6030   -0.4710
  QMMM:     4        4      H       23.5930   29.3440    2.0620
  QMMM:     5        5      H       22.4460   28.1360    1.5360
  QMMM:     6        6      H       21.8780   29.6460    2.2070
  QMMM:     7        7      H       23.3920   29.3380   -0.3700
  QMMM:     8        8      H       22.8010   30.8510    0.3170
  QMMM:     9        9      H       21.0930   28.5560   -0.5790
  QMMM:    10       10      H       21.3130   30.0630   -1.4370
  QMMM:    11       11      H       20.5140   30.0510    0.1170

--------------------------------------------------------------------------------
  RESULTS
--------------------------------------------------------------------------------

      iter         sqm energy              rms gradient
      ----    -------------------    -----------------------
xmin    10      -24.3241 kcal/mol        0.0051 kcal/(mol*A)
xmin    20      -24.3241 kcal/mol        0.0011 kcal/(mol*A)
  ... geometry converged !
 
 Final MO eigenvalues (eV):
 -35.2296  -27.6916  -21.9086  -15.7117  -15.0351  -13.8241  -12.9063  -11.9900
 -11.8860  -11.3245    3.9200    4.0503    4.3281    4.6012    4.8128    4.9185
   4.9877    5.1879    5.2165    5.2888

 Heat of formation   =        -24.32413949 kcal/mol  (       -1.05477384 eV)

 Total SCF energy    =     -11414.71324017 kcal/mol  (     -494.97910933 eV)
 Electronic energy   =     -37725.64826380 kcal/mol  (    -1635.90686717 eV)
 Core-core repulsion =      26310.93502363 kcal/mol  (     1140.92775784 eV)
 
    Atomic Charges for Step       1 :
  Atom    Element       Mulliken Charge
     1      C                 -0.211
     2      C                 -0.160
     3      C                 -0.211
     4      H                  0.071
     5      H                  0.072
     6      H                  0.072
     7      H                  0.076
     8      H                  0.076
     9      H                  0.072
    10      H                  0.071
    11      H                  0.072
 Total Mulliken Charge =      -0.000
 
                  X        Y        Z     TOTAL  
  QM DIPOLE    -0.003   -0.002    0.002    0.004
 
 Final Structure

  QMMM: QM Region Cartesian Coordinates (*=link atom) 
  QMMM: QM_NO.   MM_NO.  ATOM         X         Y         Z
  QMMM:     1        1      C       22.6340   29.1862    1.5998
  QMMM:     2        2      C       22.6198   29.8020    0.2242
  QMMM:     3        3      C       21.2937   29.6040   -0.4639
  QMMM:     4        4      H       23.6255   29.3457    2.0880
  QMMM:     5        5      H       22.4422   28.0875    1.5412
  QMMM:     6        6      H       21.8455   29.6445    2.2444
  QMMM:     7        7      H       23.4358   29.3471   -0.3978
  QMMM:     8        8      H       22.8401   30.8997    0.3034
  QMMM:     9        9      H       21.0673   28.5161   -0.5766
  QMMM:    10       10      H       21.3083   30.0683   -1.4794
  QMMM:    11       11      H       20.4698   30.0729    0.1267

           --------- Calculation Completed ----------

